# RTF character set map for code page 1250 (Eastern European/Latin2)

# Field 1 is the standard character name which the character value in
# field 2 maps onto.  (It doesn't mean "to produce the character in field 1,
# use the value in field 2.)

# The character value may be given either as a single character (which will be
# converted to the ASCII value of the character), or in numeric format, either
# in decimal or 0xyy as hex yy.  Single or double quotes may be used to quote
# characters.

# characters in ASCII range (00-127)


space		" "
exclam		!
quotedbl	'"'
numbersign	#
dollar		$
percent		%
ampersand	&
quoteright	"'"
parenleft	(
parenright	)
asterisk	*
plus		+
comma		,
hyphen		-
period		.
slash		/
zero		0
one		1
two		2
three		3
four		4
five		5
six		6
seven		7
eight		8
nine		9
colon		:
semicolon	;
less		<
equal		=
greater		>
question	?
at		@
A		A
B		B
C		C
D		D
E		E
F		F
G		G
H		H
I		I
J		J
K		K
L		L
M		M
N		N
O		O
P		P
Q		Q
R		R
S		S
T		T
U		U
V		V
W		W
X		X
Y		Y
Z		Z
bracketleft	[
backslash	\
bracketright	]
asciicircum	^
underscore	_
quoteleft	"`"
a		a
b		b
c		c
d		d
e		e
f		f
g		g
h		h
i		i
j		j
k		k
l		l
m		m
n		n
o		o
p		p
q		q
r		r
s		s
t		t
u		u
v		v
w		w
x		x
y		y
z		z
braceleft	{
bar		|
braceright	}
asciitilde	~


# non-ASCII characters (128-255)

quotesinglbase	130
quotedblbase	132
ellipsis	133
dagger		134
daggerdbl	135
perthousand	137
Scaron		138
guilsinglleft	139
Sacute		140
Tcaron		141
Zcaron		142
Zacute		143
quoteleft	145
quoteright	146
quotedblleft	147
quotedblright	148
bullet		149
endash		150
emdash		151
trademark	153
scaron		154
guilsinglright	155
sacute		156
tcaron		157
zcaron		158
zacute		159
nobrkspace	160
caron		161
breve		162
Lslash		163
currency	164
Aogonek		165
brokenbar	166
section		167
dieresis	168
copyright	169
Scedilla	170
guillemotleft	171
logicalnot	172
nobrkhyphen	173
registered	174
Zdotaccent	175
degree		176
plusminus	177
ogonek		178
lslash		179
acute		180
mu		181
paragraph	182
periodcentered	183
cedilla		184
aogonek		185
scedilla	186
guillemotright	187
Lcaron		188
acutedbl	189
lcaron		190
zdotaccent	191
Racute		192
Aacute		0xc1
Acircumflex	194
Abreve		195
Adieresis	196
Lacute		197
Cacute		198
Ccedilla	199
Ccaron		200
Eacute		201
Eogonek		202
Edieresis	203
Ecaron		204
Iacute		205
Icircumflex	206
Dcaron		207
Dslash		208
Nacute		209
Ncaron		210
Oacute		211
Ocircumflex	212
Oacutedbl	213
Odieresis	214
multiply	215
Rcaron		216
Uring		217
Uacute		218
Uacutedbl	219
Udieresis	220
Yacute		221
Tcedilla	222
germandbls	223
racute		224
aacute		225
acircumflex	226
abreve		227
adieresis	228
lacute		229
cacute		230
ccedilla	231
ccaron		232
eacute		0xe9
eogonek		234
edieresis	235
ecaron		236
iacute		237
icircumflex	238
dcaron		239
dslash		240
nacute		241
ncaron		242
oacute		243
ocircumflex	244
oacutedbl	0xf5
odieresis	246
divide		247
rcaron		248
uring		249
uacute		250
uacutedbl	251
udieresis	252
yacute		253
tcedilla	254
dotaccent	255
