# RTF character set map for code page 1254 (Turkish/Latin5)

# Field 1 is the standard character name which the character value in
# field 2 maps onto.  (It doesn't mean "to produce the character in field 1,
# use the value in field 2.)

# The character value may be given either as a single character (which will be
# converted to the ASCII value of the character), or in numeric format, either
# in decimal or 0xyy as hex yy.  Single or double quotes may be used to quote
# characters.

# characters in ASCII range (00-127)

space		" "
exclam		!
quotedbl	'"'
numbersign	#
dollar		$
percent		%
ampersand	&
quoteright	"'"
parenleft	(
parenright	)
asterisk	*
plus		+
comma		,
hyphen		-
period		.
slash		/
zero		0
one		1
two		2
three		3
four		4
five		5
six		6
seven		7
eight		8
nine		9
colon		:
semicolon	;
less		<
equal		=
greater		>
question	?
at		@
A		A
B		B
C		C
D		D
E		E
F		F
G		G
H		H
I		I
J		J
K		K
L		L
M		M
N		N
O		O
P		P
Q		Q
R		R
S		S
T		T
U		U
V		V
W		W
X		X
Y		Y
Z		Z
bracketleft	[
backslash	\
bracketright	]
asciicircum	^
underscore	_
quoteleft	"`"
a		a
b		b
c		c
d		d
e		e
f		f
g		g
h		h
i		i
j		j
k		k
l		l
m		m
n		n
o		o
p		p
q		q
r		r
s		s
t		t
u		u
v		v
w		w
x		x
y		y
z		z
braceleft	{
bar		|
braceright	}
asciitilde	~


# non-ASCII characters (128-255)

quotesinglbase	130
florin			131
quotedblbase	132
ellipsis	133
dagger		134
daggerdbl	135
circumflex	136
perthousand	137
Scaron		138
guilsinglleft	139
OE			140
quoteleft	145
quoteright	146
quotedblleft	147
quotedblright	148
bullet		149
endash		150
emdash		151
tilde		152
trademark	153
scaron		154
guilsinglright	155
oe			156
Ydieresis	159
nobrkspace	160
exclamdown	161
cent		162
sterling	163
currency	164
yen			165
brokenbar	166
section		167
dieresis	168
copyright	169
ordfeminine	170
guillemotleft	171
logicalnot	172
nobrkhyphen	173
registered	174
macron		175
degree		176
plusminus	177
powertwo	178
powerthree	179
acute		180
mu			181
paragraph	182
periodcentered	183
cedilla		184
powerone	185
ordmasculine	186
guillemotright	187
onequarter		188
onehalf		189
threequarters	190
questiondown	191
Agrave		192
Aacute		193
Acircumflex	194
Atilde		195
Adieresis	196
Aring		197
AE			198
Ccedilla	199
Egrave		200
Eacute		201
Ecircumflex	202
Edieresis	203
Igrave		204
Iacute		205
Icircumflex	206
Idieresis		207
Gbreve		208
Ntilde		209
Ograve		210
Oacute		211
Ocircumflex	212
Otilde		213
Odieresis	214
multiply	215
Oslash		216
Ugrave		217
Uacute		218
Ucircumflex	219
Udieresis	220
Idotaccent	221
Scedilla	222
germandbls	223
agrave		224
aacute		225
acircumflex	226
atilde		227
adieresis	228
aring		229
ae			230
ccedilla	231
egrave		232
eacute		233
ecircumflex	234
edieresis	235
igrave		236
iacute		237
icircumflex	238
idieresis	239
gbreve		240
ntilde		241
ograve		242
oacute		243
ocircumflex	244
otilde		245
odieresis	246
divide		247
oslash		248
ugrave		249
uacute		250
ucircumflex	251
udieresis	252
dotlessi	253
scedilla	254
ydieresis	255
